// Jest Snapshot v1, https://goo.gl/fbAQLP

exports[`Typography Rendering Font Components without crashing 1`] = `
.c0 {
  font-size: 14px;
  line-height: 18px;
  color: #1A237E;
  font-size: 18px;
  line-height: 22px;
}

<span
  className="c0"
  color="Indigo-900"
  label="Body component Indigo-900"
>
  Body component Indigo-900
</span>
`;
